RCLLA, OAPLX!
ZRWU WU I ZCUZ
WQBEUZZCUZWVM
NCCF N0F 666
ORIZ WU ZRWU