SVOOL, DLIOW!
GSRH RH Z GVHG
RNQFHGGVHGRMT
YVVK Y0K 666
DSZG RH GSRH