LARGQ, XENRO! <<equals to>> HELLO, WORLD!
ZXUZ WB S LYZL <<equals to>> THIS IS A TEST
KSTXMAZAKYWGM <<equals to>> IMJUSTTESTING
RAYC D0E 666 <<equals to>> BEEP B0P 666
WXCY WB ZXUZ <<equals to>> WHAT IS THIS