1001000 1100101 1101100 1101100 1101111 101100 100000 1110111 1101111 1110010 1101100 1100100 100001 <<equals to>> Hello, world!
1010100 1101000 1101001 1110011 100000 1101001 1110011 100000 1100001 100000 1110100 1100101 1110011 1110100 <<equals to>> This is a test
1001001 1001101 1001010 1010101 1010011 1010100 1010100 1000101 1010011 1010100 1001001 1001110 1000111 <<equals to>> IMJUSTTESTING
1100010 1100101 1000101 1110000 100000 1100010 110000 1110000 100000 110110 110110 110110 <<equals to>> beEp b0p 666
1111010000011 100100101 11000000 101100111 100000 11101111 101011011 100000 101100111 100100111 100101001 101011011 <<equals to>> ẃĥÀŧ ïś ŧħĩś