OLSSV, DVYSK!
AOPZ PZ H ALZA
PTQBZAALZAPUN
ILLW I0W 666
DOHA PZ AOPZ