JHMSQ, ZPYNG! <<equals to>> HELLO, WORLD!
VKJZ KV B AGVU <<equals to>> THIS IS A TEST
KPKBUWULUWJUI <<equals to>> IMJUSTTESTING
DHFW D0S 666 <<equals to>> BEEP B0P 666
YKBA KV UOKV <<equals to>> WHAT IS THIS