DTIIL, WLOIR! <<equals to>> HELLO, WORLD!
QDFP FP S QTPQ <<equals to>> THIS IS A TEST
FJGUPQQTPQFKB <<equals to>> IMJUSTTESTING
ETTM E0M 666 <<equals to>> BEEP B0P 666
WDSQ FP QDFP <<equals to>> WHAT IS THIS