.... . .-.. .-.. --- --..-- / .-- --- .-. .-.. -.. -.-.-- <<equals to>> HELLO, WORLD!
- .... .. ... / .. ... / .- / - . ... - <<equals to>> THIS IS A TEST
.. -- .--- ..- ... - - . ... - .. -. --. <<equals to>> IMJUSTTESTING
-... . . .--. / -... ----- .--. / -.... -.... -.... <<equals to>> BEEP B0P 666
.-- .... .- - / .. ... / - .... .. ... <<equals to>> WHAT IS THIS