5x5#3-2;5-1;1-3;1-3;4-3;2-5;4-3;2-4;1-3;4-1 <<equals to>> HELLOWORLD
5x5#4-4;3-2;4-2;3-4;4-2;3-4;1-1;4-4;5-1;3-4;4-4 <<equals to>> THISISATEST
5x5#4-2;2-3;4-2;5-4;3-4;4-4;4-4;5-1;3-4;4-4;4-2;3-3;2-2 <<equals to>> IMIUSTTESTING
5x5#2-1;5-1;5-1;5-3;2-1;5-3 <<equals to>> BEEPBP
5x5#2-5;3-2;1-1;4-4;4-2;3-4;4-4;3-2;4-2;3-4 <<equals to>> WHATISTHIS