Hoo!el,wrdl l <<equals to>> Hello, world!
T ashsi  etist <<equals to>> This is a test
ISSGMUTETNJTI <<equals to>> IMJUSTTESTING
b  epbp66E06 <<equals to>> beEp b0p 666
ẃ ŧĥŧï ħśÀśĩ <<equals to>> ẃĥÀŧ ïś ŧħĩś