ZINCS, PGVNU! <<equals to>> HELLO, WORLD!
LLKJ ML S XGJX <<equals to>> THIS IS A TEST
AQLLWMLIUKMGY <<equals to>> IMJUSTTESTING
TIGG F0I 666 <<equals to>> BEEP B0P 666
OLCK ML LLKJ <<equals to>> WHAT IS THIS